> Task :sentences-compiler-plugin:checkKotlinGradlePluginConfigurationErrors SKIPPED
> Task :sentences-compiler-plugin:pluginDescriptors UP-TO-DATE
> Task :sentences-compiler-plugin:processResources UP-TO-DATE
> Task :dicio-sentences-compiler:sentences_compiler:compileJava UP-TO-DATE
> Task :dicio-sentences-compiler:sentences_compiler:processResources NO-SOURCE
> Task :dicio-sentences-compiler:sentences_compiler:classes UP-TO-DATE
> Task :dicio-sentences-compiler:sentences_compiler:jar UP-TO-DATE
> Task :sentences-compiler-plugin:compileKotlin UP-TO-DATE
> Task :sentences-compiler-plugin:compileJava NO-SOURCE
> Task :sentences-compiler-plugin:classes UP-TO-DATE
> Task :sentences-compiler-plugin:jar UP-TO-DATE
WARNING: We recommend using a newer Android Gradle plugin to use compileSdk = 36

This Android Gradle plugin (8.7.3) was tested up to compileSdk = 35.

You are strongly encouraged to update your project to use a newer
Android Gradle plugin that has been tested with compileSdk = 36.

If you are already using the latest version of the Android Gradle plugin,
you may need to wait until a newer version with support for compileSdk = 36 is available.

For more information refer to the compatibility table:
https://d.android.com/r/tools/api-level-support

To suppress this warning, add/update
    android.suppressUnsupportedCompileSdk=36
to this project's gradle.properties.
> Task :dicio-numbers:numbers:checkKotlinGradlePluginConfigurationErrors
> Task :clean
> Task :dicio-numbers:numbers:compileKotlin UP-TO-DATE
> Task :dicio-numbers:numbers:compileJava NO-SOURCE
> Task :dicio-numbers:numbers:processResources UP-TO-DATE
> Task :dicio-numbers:numbers:classes UP-TO-DATE
> Task :dicio-numbers:numbers:jar UP-TO-DATE
> Task :app:clean
> Task :skill:clean
> Task :app:preBuild UP-TO-DATE
> Task :app:preHyundaiitDebugBuild UP-TO-DATE
> Task :app:mergeHyundaiitDebugNativeDebugMetadata NO-SOURCE
> Task :app:checkKotlinGradlePluginConfigurationErrors SKIPPED
> Task :app:dataBindingMergeDependencyArtifactsHyundaiitDebug
> Task :app:generateHyundaiitDebugResValues
> Task :app:generateHyundaiitDebugResources
> Task :skill:preBuild UP-TO-DATE
> Task :skill:preDebugBuild UP-TO-DATE
> Task :skill:generateDebugResValues
> Task :skill:generateDebugResources
> Task :skill:packageDebugResources
> Task :app:packageHyundaiitDebugResources
> Task :app:mergeHyundaiitDebugResources
> Task :skill:parseDebugLocalResources
> Task :app:generateHyundaiitDebugBuildConfig
> Task :app:extractDebugProto
> Task :app:extractHyundaiitDebugProto
> Task :app:extractHyundaiitProto
> Task :skill:checkKotlinGradlePluginConfigurationErrors SKIPPED
> Task :skill:generateDebugRFile
> Task :app:parseHyundaiitDebugLocalResources
> Task :app:dataBindingGenBaseClassesHyundaiitDebug
> Task :skill:javaPreCompileDebug
> Task :app:extractProto
> Task :skill:writeDebugAarMetadata
> Task :app:mapHyundaiitDebugSourceSetPaths
> Task :app:createHyundaiitDebugCompatibleScreenManifests
> Task :app:extractDeepLinksHyundaiitDebug
> Task :skill:extractDeepLinksDebug
> Task :skill:compileDebugLibraryResources
> Task :skill:processDebugManifest
> Task :app:checkHyundaiitDebugAarMetadata
> Task :app:sentencesCompiler
> Task :app:processHyundaiitDebugMainManifest
> Task :app:processHyundaiitDebugManifest
> Task :app:mergeHyundaiitDebugShaders
> Task :app:compileHyundaiitDebugShaders NO-SOURCE
> Task :app:generateHyundaiitDebugAssets UP-TO-DATE
> Task :skill:mergeDebugShaders
> Task :skill:compileDebugShaders NO-SOURCE
> Task :skill:generateDebugAssets UP-TO-DATE
> Task :app:javaPreCompileHyundaiitDebug
> Task :skill:packageDebugAssets
> Task :skill:compileDebugKotlin
> Task :app:mergeHyundaiitDebugAssets
> Task :skill:compileDebugJavaWithJavac NO-SOURCE
> Task :app:processHyundaiitDebugManifestForPackage
> Task :skill:bundleLibRuntimeToJarDebug
> Task :skill:processDebugJavaRes
> Task :skill:createFullJarDebug
> Task :app:extractIncludeHyundaiitDebugProto
> Task :app:generateHyundaiitDebugProto
> Task :skill:bundleLibCompileToJarDebug
> Task :app:mergeHyundaiitDebugJniLibFolders
> Task :app:checkHyundaiitDebugDuplicateClasses
> Task :skill:bundleLibRuntimeToDirDebug
> Task :skill:mergeDebugJniLibFolders
> Task :skill:mergeDebugNativeLibs NO-SOURCE
> Task :app:validateSigningHyundaiitDebug
> Task :app:writeHyundaiitDebugAppMetadata
> Task :app:writeHyundaiitDebugSigningConfigVersions
> Task :skill:copyDebugJniLibsProjectOnly
> Task :app:mergeLibDexHyundaiitDebug
> Task :app:l8DexDesugarLibHyundaiitDebug
> Task :app:processHyundaiitDebugResources
> Task :app:desugarHyundaiitDebugFileDependencies
> Task :app:compressHyundaiitDebugAssets
> Task :app:mergeHyundaiitDebugNativeLibs

> Task :app:stripHyundaiitDebugDebugSymbols
Unable to strip the following libraries, packaging them as they are: libjnidispatch.so.

> Task :app:kspHyundaiitDebugKotlin
> Task :app:mergeExtDexHyundaiitDebug

> Task :app:compileHyundaiitDebugKotlin FAILED
e: file:///Users/user/AndroidStudioProjects/dicio-android/app/src/main/kotlin/com/ai/voice/io/input/TwoPassInputDevice.kt:289:34 Unresolved reference 'hasMinimumAudio'.
e: file:///Users/user/AndroidStudioProjects/dicio-android/app/src/main/kotlin/com/ai/voice/io/input/TwoPassInputDevice.kt:348:57 Unresolved reference 'isGoodQuality'.
e: file:///Users/user/AndroidStudioProjects/dicio-android/app/src/main/kotlin/com/ai/voice/io/input/sensevoice/AudioBuffer.kt:129:27 Unresolved reference 'availableSamples样本'.

FAILURE: Build failed with an exception.

* What went wrong:
Execution failed for task ':app:compileHyundaiitDebugKotlin'.
> A failure occurred while executing org.jetbrains.kotlin.compilerRunner.GradleCompilerRunnerWithWorkers$GradleKotlinCompilerWorkAction
   > Compilation error. See log for more details

* Try:
> Run with --stacktrace option to get the stack trace.
> Run with --info or --debug option to get more log output.
> Run with --scan to get full insights.
> Get more help at https://help.gradle.org.

BUILD FAILED in 20s
73 actionable tasks: 64 executed, 9 up-to-date
