🚀 Dicio Android 构建、安装和启动脚本
========================================
☕ 1. 设置Java 17环境...
✅ Java版本: 17.0.15

📱 2. 检查Android设备连接...
✅ 检测到 1 个设备

🔨 3. 构建hyundaiit变体...
> Task :sentences-compiler-plugin:checkKotlinGradlePluginConfigurationErrors SKIPPED
> Task :sentences-compiler-plugin:pluginDescriptors UP-TO-DATE
> Task :sentences-compiler-plugin:processResources UP-TO-DATE
> Task :dicio-sentences-compiler:sentences_compiler:compileJava
> Task :dicio-sentences-compiler:sentences_compiler:processResources NO-SOURCE
> Task :dicio-sentences-compiler:sentences_compiler:classes
> Task :dicio-sentences-compiler:sentences_compiler:jar
> Task :sentences-compiler-plugin:compileKotlin
> Task :sentences-compiler-plugin:compileJava NO-SOURCE
> Task :sentences-compiler-plugin:classes UP-TO-DATE
> Task :sentences-compiler-plugin:jar UP-TO-DATE

> Configure project :app
e: file:///Users/user/AndroidStudioProjects/dicio-android/app/build.gradle.kts:63:13: Unresolved reference: noCompress
e: file:///Users/user/AndroidStudioProjects/dicio-android/app/build.gradle.kts:63:24: Unresolved reference: +=
w: file:///Users/user/AndroidStudioProjects/dicio-android/app/build.gradle.kts:160:40: 'capitalized(): String' is deprecated. This was never intended as a public API.

FAILURE: Build failed with an exception.

* Where:
Build file '/Users/user/AndroidStudioProjects/dicio-android/app/build.gradle.kts' line: 63

* What went wrong:
Script compilation errors:

  Line 63:             noCompress += setOf(
                       ^ Unresolved reference: noCompress

  Line 63:             noCompress += setOf(
                                  ^ Unresolved reference: +=

2 errors

* Try:
> Run with --stacktrace option to get the stack trace.
> Run with --info or --debug option to get more log output.
> Run with --scan to get full insights.
> Get more help at https://help.gradle.org.

BUILD FAILED in 2s
6 actionable tasks: 3 executed, 3 up-to-date
❌ 构建失败
